{"time": "2026-03-23 10:09:37.128151", "level": "INFO", "message": "aisrv kaiwu_rl_helper start at pid 813, ppid is 140522483898176, thread id is -1", "file": "kaiwu_rl_helper_standard.py", "line": "125", "module": "aisrv", "process": "kaiwu_rl_helper_standard", "function": "__init__", "stack": "", "pid": 813}
{"time": "2026-03-23 10:09:37.129696", "level": "INFO", "message": "aisrv aisrvhandle use kaiwu_rl_helper: <KaiWuRLStandardHelper(kaiwu_rl_helper_0, initial daemon)>", "file": "aisrv_server_standard.py", "line": "792", "module": "aisrv", "process": "aisrv_server_standard", "function": "before_run", "stack": "", "pid": 813}
{"time": "2026-03-23 10:09:37.130329", "level": "INFO", "message": "aisrv aisrvhandle established connect to 127.0.0.1:5566, slot id is 0, min_slot_id is 0", "file": "aisrv_server_standard.py", "line": "795", "module": "aisrv", "process": "aisrv_server_standard", "function": "before_run", "stack": "", "pid": 813}
{"time": "2026-03-23 10:09:37.130752", "level": "INFO", "message": "aisrv aisrvhandle current_actor_addrs is ['127.0.0.1:8888'], current_learner_addrs is ['127.0.0.1:9999']", "file": "aisrv_server_standard.py", "line": "804", "module": "aisrv", "process": "aisrv_server_standard", "function": "before_run", "stack": "", "pid": 813}
{"time": "2026-03-23 10:09:37.131054", "level": "INFO", "message": "aisrv aisrvhandle start success at pid 813", "file": "aisrv_server_standard.py", "line": "835", "module": "aisrv", "process": "aisrv_server_standard", "function": "before_run", "stack": "", "pid": 813}
{"time": "2026-03-23 10:09:37.151636", "level": "INFO", "message": "aisrv policy_name train_one, algo dynamic_programming, model_wrapper is StandardModelWrapperPytorch", "file": "model_wrapper_common.py", "line": "99", "module": "aisrv", "process": "model_wrapper_common", "function": "create_standard_model_wrapper", "stack": "", "pid": 813}
{"time": "2026-03-23 10:09:37.152935", "level": "INFO", "message": "aisrv save model /data/ckpt/gorge_walk_dynamic_programming/model.ckpt-0.npy successfully", "file": "agent.py", "line": "91", "module": "aisrv", "process": "agent", "function": "save_model", "stack": "", "pid": 813}
{"time": "2026-03-23 10:09:37.176760", "level": "INFO", "message": "aisrv kaiwu_rl_helper start agent 0 with train_one", "file": "kaiwu_rl_helper_standard.py", "line": "956", "module": "aisrv", "process": "kaiwu_rl_helper_standard", "function": "start_agent", "stack": "", "pid": 813}
{"time": "2026-03-23 10:09:37.215066", "level": "INFO", "message": "aisrv Start Training...", "file": "train_workflow.py", "line": "49", "module": "aisrv", "process": "train_workflow", "function": "workflow", "stack": "", "pid": 813}
{"time": "2026-03-23 10:09:37.404943", "level": "INFO", "message": "aisrv Iteration 0", "file": "algorithm.py", "line": "133", "module": "aisrv", "process": "algorithm", "function": "value_iteration", "stack": "", "pid": 813}
{"time": "2026-03-23 10:09:39.165176", "level": "INFO", "message": "aisrv Iteration 10", "file": "algorithm.py", "line": "133", "module": "aisrv", "process": "algorithm", "function": "value_iteration", "stack": "", "pid": 813}
{"time": "2026-03-23 10:09:40.424890", "level": "INFO", "message": "aisrv Iteration 20", "file": "algorithm.py", "line": "133", "module": "aisrv", "process": "algorithm", "function": "value_iteration", "stack": "", "pid": 813}
{"time": "2026-03-23 10:09:41.723001", "level": "INFO", "message": "aisrv Iteration 30", "file": "algorithm.py", "line": "133", "module": "aisrv", "process": "algorithm", "function": "value_iteration", "stack": "", "pid": 813}
{"time": "2026-03-23 10:09:42.975814", "level": "INFO", "message": "aisrv Iteration 40", "file": "algorithm.py", "line": "133", "module": "aisrv", "process": "algorithm", "function": "value_iteration", "stack": "", "pid": 813}
{"time": "2026-03-23 10:09:44.254714", "level": "INFO", "message": "aisrv Iteration 50", "file": "algorithm.py", "line": "133", "module": "aisrv", "process": "algorithm", "function": "value_iteration", "stack": "", "pid": 813}
{"time": "2026-03-23 10:09:45.625801", "level": "INFO", "message": "aisrv Iteration 60", "file": "algorithm.py", "line": "133", "module": "aisrv", "process": "algorithm", "function": "value_iteration", "stack": "", "pid": 813}
{"time": "2026-03-23 10:09:46.868648", "level": "INFO", "message": "aisrv Iteration 70", "file": "algorithm.py", "line": "133", "module": "aisrv", "process": "algorithm", "function": "value_iteration", "stack": "", "pid": 813}
{"time": "2026-03-23 10:09:47.459569", "level": "INFO", "message": "aisrv save model /data/ckpt/gorge_walk_dynamic_programming/model.ckpt-1.npy successfully", "file": "agent.py", "line": "91", "module": "aisrv", "process": "agent", "function": "save_model", "stack": "", "pid": 813}
{"time": "2026-03-23 10:09:47.462041", "level": "INFO", "message": "aisrv Training time cost: 10.24651837348938 s", "file": "train_workflow.py", "line": "62", "module": "aisrv", "process": "train_workflow", "function": "workflow", "stack": "", "pid": 813}
{"time": "2026-03-23 10:09:47.463098", "level": "INFO", "message": "aisrv save model /data/user_ckpt_dir/gorge_walk_dynamic_programming/model.ckpt-1.npy successfully", "file": "agent.py", "line": "91", "module": "aisrv", "process": "agent", "function": "save_model", "stack": "", "pid": 813}
{"time": "2026-03-23 10:09:47.472122", "level": "INFO", "message": "aisrv training_metrics is {'basic': {'train_global_step': 0, 'load_model_succ_cnt': 0, 'sample_receive_cnt': 0, 'episode_cnt': 0, 'sample_production_and_consumption_ratio': 0, 'predict_succ_cnt': 0}, 'algorithm': {'reward': 0}, 'env': {'total_score': 0, 'treasure_score': 0, 'max_steps': 0, 'finished_steps': 0, 'total_treasures': 0, 'collected_treasures': 0, 'treasure_random': 0}, 'diy': {'diy_1': 0, 'diy_2': 0, 'diy_3': 0, 'diy_4': 0, 'diy_5': 0}}", "file": "train_workflow.py", "line": "77", "module": "aisrv", "process": "train_workflow", "function": "workflow", "stack": "", "pid": 813}
{"time": "2026-03-23 10:09:47.474729", "level": "INFO", "message": "aisrv kaiwu_rl_helper finally", "file": "kaiwu_rl_helper_standard.py", "line": "484", "module": "aisrv", "process": "kaiwu_rl_helper_standard", "function": "workflow", "stack": "", "pid": 813}
